[INFO] Scanning for projects...
[INFO] 
[INFO] ------------------------< com.aura:aura-outfit >------------------------
[INFO] Building aura-outfit 0.0.1-SNAPSHOT
[INFO]   from pom.xml
[INFO] --------------------------------[ jar ]---------------------------------
[INFO] 
[INFO] >>> spring-boot:4.0.5:run (default-cli) > test-compile @ aura-outfit >>>
[INFO] 
[INFO] --- resources:3.3.1:resources (default-resources) @ aura-outfit ---
[INFO] Copying 1 resource from src\main\resources to target\classes
[INFO] Copying 93 resources from src\main\resources to target\classes
[INFO] 
[INFO] --- compiler:3.14.1:compile (default-compile) @ aura-outfit ---
[INFO] Nothing to compile - all classes are up to date.
[INFO] 
[INFO] --- resources:3.3.1:testResources (default-testResources) @ aura-outfit ---
[INFO] skip non existing resourceDirectory C:\Users\Ximi\Downloads\aura-outfit duda-main\aura-outfit-main\src\test\resources
[INFO] 
[INFO] --- compiler:3.14.1:testCompile (default-testCompile) @ aura-outfit ---
[INFO] Nothing to compile - all classes are up to date.
[INFO] 
[INFO] <<< spring-boot:4.0.5:run (default-cli) < test-compile @ aura-outfit <<<
[INFO] 
[INFO] 
[INFO] --- spring-boot:4.0.5:run (default-cli) @ aura-outfit ---
[INFO] Attaching agents: []

  .   ____          _            __ _ _
 /\\ / ___'_ __ _ _(_)_ __  __ _ \ \ \ \
( ( )\___ | '_ | '_| | '_ \/ _` | \ \ \ \
 \\/  ___)| |_)| | | | | || (_| |  ) ) ) )
  '  |____| .__|_| |_|_| |_\__, | / / / /
 =========|_|==============|___/=/_/_/_/

 :: Spring Boot ::                (v4.0.5)

2026-06-07T01:26:54.567-03:00  INFO 16772 --- [aura-outfit] [           main] c.a.aura_outfit.AuraOutfitApplication    : Starting AuraOutfitApplication using Java 17.0.12 with PID 16772 (C:\Users\Ximi\Downloads\aura-outfit duda-main\aura-outfit-main\target\classes started by Ximi in C:\Users\Ximi\Downloads\aura-outfit duda-main\aura-outfit-main)
2026-06-07T01:26:54.571-03:00  INFO 16772 --- [aura-outfit] [           main] c.a.aura_outfit.AuraOutfitApplication    : No active profile set, falling back to 1 default profile: "default"
2026-06-07T01:26:55.527-03:00  INFO 16772 --- [aura-outfit] [           main] .s.d.r.c.RepositoryConfigurationDelegate : Bootstrapping Spring Data JPA repositories in DEFAULT mode.
2026-06-07T01:26:55.622-03:00  INFO 16772 --- [aura-outfit] [           main] .s.d.r.c.RepositoryConfigurationDelegate : Finished Spring Data repository scanning in 82 ms. Found 7 JPA repository interfaces.
2026-06-07T01:26:56.341-03:00  INFO 16772 --- [aura-outfit] [           main] o.s.boot.tomcat.TomcatWebServer          : Tomcat initialized with port 8080 (http)
2026-06-07T01:26:56.370-03:00  INFO 16772 --- [aura-outfit] [           main] o.apache.catalina.core.StandardService   : Starting service [Tomcat]
2026-06-07T01:26:56.371-03:00  INFO 16772 --- [aura-outfit] [           main] o.apache.catalina.core.StandardEngine    : Starting Servlet engine: [Apache Tomcat/11.0.20]
2026-06-07T01:26:56.469-03:00  INFO 16772 --- [aura-outfit] [           main] b.w.c.s.WebApplicationContextInitializer : Root WebApplicationContext: initialization completed in 1831 ms
2026-06-07T01:26:56.689-03:00  INFO 16772 --- [aura-outfit] [           main] org.hibernate.orm.jpa                    : HHH008540: Processing PersistenceUnitInfo [name: default]
2026-06-07T01:26:56.760-03:00  INFO 16772 --- [aura-outfit] [           main] org.hibernate.orm.core                   : HHH000001: Hibernate ORM core version 7.2.7.Final
2026-06-07T01:26:57.403-03:00  INFO 16772 --- [aura-outfit] [           main] o.s.o.j.p.SpringPersistenceUnitInfo      : No LoadTimeWeaver setup: ignoring JPA class transformer
2026-06-07T01:26:57.446-03:00  INFO 16772 --- [aura-outfit] [           main] com.zaxxer.hikari.HikariDataSource       : HikariPool-1 - Starting...
2026-06-07T01:26:57.762-03:00  INFO 16772 --- [aura-outfit] [           main] com.zaxxer.hikari.pool.HikariPool        : HikariPool-1 - Added connection conn0: url=jdbc:h2:file:./data/aura_outfit user=SA
2026-06-07T01:26:57.774-03:00  INFO 16772 --- [aura-outfit] [           main] com.zaxxer.hikari.HikariDataSource       : HikariPool-1 - Start completed.
2026-06-07T01:26:57.852-03:00  INFO 16772 --- [aura-outfit] [           main] org.hibernate.orm.connections.pooling    : HHH10001005: Database info:
	Database JDBC URL [jdbc:h2:file:./data/aura_outfit]
	Database driver: H2 JDBC Driver
	Database dialect: H2Dialect
	Database version: 2.4.240
	Default catalog/schema: aura_outfit/public
	Autocommit mode: undefined/unknown
	Isolation level: READ_COMMITTED [default READ_COMMITTED]
	JDBC fetch size: 100
	Pool: DataSourceConnectionProvider
	Minimum pool size: undefined/unknown
	Maximum pool size: undefined/unknown
2026-06-07T01:26:59.249-03:00  INFO 16772 --- [aura-outfit] [           main] org.hibernate.orm.core                   : HHH000489: No JTA platform available (set 'hibernate.transaction.jta.platform' to enable JTA platform integration)
2026-06-07T01:26:59.336-03:00  INFO 16772 --- [aura-outfit] [           main] j.LocalContainerEntityManagerFactoryBean : Initialized JPA EntityManagerFactory for persistence unit 'default'
2026-06-07T01:26:59.423-03:00  INFO 16772 --- [aura-outfit] [           main] o.s.d.j.r.query.QueryEnhancerFactories   : Hibernate is in classpath; If applicable, HQL parser will be used.
2026-06-07T01:27:00.459-03:00  WARN 16772 --- [aura-outfit] [           main] c.a.a.controller.PagamentoController     : ??  mercadopago.access-token não configurado no application.properties
2026-06-07T01:27:00.460-03:00  WARN 16772 --- [aura-outfit] [           main] c.a.a.controller.PagamentoController     :     A tela de pagamento NÃO vai funcionar até configurar.
2026-06-07T01:27:01.161-03:00  INFO 16772 --- [aura-outfit] [           main] o.s.b.w.a.WelcomePageHandlerMapping      : Adding welcome page: class path resource [static/index.html]
2026-06-07T01:27:01.417-03:00  WARN 16772 --- [aura-outfit] [           main] ion$DefaultTemplateResolverConfiguration : Cannot find template location: classpath:/templates/ (please add some templates, check your Thymeleaf configuration, or set spring.thymeleaf.check-template-location=false)
2026-06-07T01:27:01.660-03:00  INFO 16772 --- [aura-outfit] [           main] o.s.boot.tomcat.TomcatWebServer          : Tomcat started on port 8080 (http) with context path '/'
2026-06-07T01:27:01.672-03:00  INFO 16772 --- [aura-outfit] [           main] c.a.aura_outfit.AuraOutfitApplication    : Started AuraOutfitApplication in 7.682 seconds (process running for 8.369)
2026-06-07T01:27:02.286-03:00  INFO 16772 --- [aura-outfit] [           main] c.a.aura_outfit.config.AdminInitializer  : Admin carregado: adm@aura.local (role=ADMIN)
2026-06-07T01:27:33.933-03:00  INFO 16772 --- [aura-outfit] [nio-8080-exec-2] o.a.c.c.C.[Tomcat].[localhost].[/]       : Initializing Spring DispatcherServlet 'dispatcherServlet'
2026-06-07T01:27:33.934-03:00  INFO 16772 --- [aura-outfit] [nio-8080-exec-2] o.s.web.servlet.DispatcherServlet        : Initializing Servlet 'dispatcherServlet'
2026-06-07T01:27:33.936-03:00  INFO 16772 --- [aura-outfit] [nio-8080-exec-2] o.s.web.servlet.DispatcherServlet        : Completed initialization in 1 ms
[INFO] ------------------------------------------------------------------------
[INFO] BUILD FAILURE
[INFO] ------------------------------------------------------------------------
[INFO] Total time:  05:02 min
[INFO] Finished at: 2026-06-07T01:31:50-03:00
[INFO] ------------------------------------------------------------------------
[ERROR] Failed to execute goal org.springframework.boot:spring-boot-maven-plugin:4.0.5:run (default-cli) on project aura-outfit: Process terminated with exit code: -1 -> [Help 1]
[ERROR] 
[ERROR] To see the full stack trace of the errors, re-run Maven with the -e switch.
[ERROR] Re-run Maven using the -X switch to enable full debug logging.
[ERROR] 
[ERROR] For more information about the errors and possible solutions, please read the following articles:
[ERROR] [Help 1] http://cwiki.apache.org/confluence/display/MAVEN/MojoExecutionException
